[backblue.gif]
[fade.gif]
[index.html]
[robotics.sdsmt.edu/user/themes/robo-theme/images/icon.png]
[unpkg.com/purecss@1.0.0/build/pure-min.css]
[robotics.sdsmt.edu/user/themes/robo-theme/css/custom.css]
[maxcdn.bootstrapcdn.com/font-awesome/4.7.0/css/font-awesome.min.css]
[robotics.sdsmt.edu/user/themes/robo-theme/css/cardCarousel.css]
[robotics.sdsmt.edu/user/themes/robo-theme/css/slicknav.min.css]
[robotics.sdsmt.edu/user/themes/robo-theme/css/join-our-team.css]
[robotics.sdsmt.edu/user/themes/robo-theme/css/home.css]
[robotics.sdsmt.edu/user/themes/robo-theme/css/navbar.css]
[robotics.sdsmt.edu/user/plugins/admin-power-tools/assets/scroll_fix.css]
[robotics.sdsmt.edu/user/plugins/markdown-notices/assets/notices.css]
[robotics.sdsmt.edu/user/plugins/form/assets/form-styles.css]
[robotics.sdsmt.edu/user/plugins/login/css/login.css]
[robotics.sdsmt.edu/system/assets/jquery/jquery-2.x.min.js]
[robotics.sdsmt.edu/user/themes/robo-theme/js/cardCarousel.js]
[robotics.sdsmt.edu/user/themes/robo-theme/js/slicknav.min.js]
[robotics.sdsmt.edu/user/themes/robo-theme/js/upcomingEvents.js]
[robotics.sdsmt.edu/user/pages/logo/Robo Logo Trans Light New.png]
[robotics.sdsmt.edu/user/pages/01.home/igvc_wheel_compressed.jpg]
[robotics.sdsmt.edu/images/8/b/8/e/7/8b8e772e81356d4bae6a347d414c86a51863b362-discord-logo.png]
[robotics.sdsmt.edu/images/3/1/f/f/1/31ff1e52b36efdcd96e57c357336060418db737c-facebooklogo.png]
[robotics.sdsmt.edu/images/0/5/4/e/8/054e816e728d94d82ce34267198f17cd72b7082d-instagramlogo.png]
[robotics.sdsmt.edu/images/2/0/7/c/d/207cd27182e09a63eaaf7f0cc17f60031f02e12b-yt-icon.png]
[robotics.sdsmt.edu/index.html]
[robotics.sdsmt.edu/images/8/9/5/b/0/895b09be3c202bc553e9727b0c88fa48694f8faa-presicon.png]
[robotics.sdsmt.edu/user/themes/robo-theme/css/default.css]
[robotics.sdsmt.edu/images/8/3/5/0/9/83509a9a52455b448295676e11e2a86689d8ad4c-20231028133228-min.jpg]
[robotics.sdsmt.edu/about.html]
[robotics.sdsmt.edu/projects.html]
[robotics.sdsmt.edu/user/themes/robo-theme/css/projects-list.css]
[robotics.sdsmt.edu/user/themes/robo-theme/css/news-list.css]
[robotics.sdsmt.edu/news.html]
[robotics.sdsmt.edu/user/themes/robo-theme/css/gallery-list.css]
[robotics.sdsmt.edu/gallery.html]
[robotics.sdsmt.edu/user/themes/robo-theme/css/calendar.css]
[robotics.sdsmt.edu/calendar.html]
[robotics.sdsmt.edu/images/0/7/1/5/3/07153bc5e1c54f0eb9d9728fdfbdad6091fd2272-knecht4059.png]
[robotics.sdsmt.edu/images/3/4/e/d/3/34ed3d83c86ebc32cd4a79e9f24c4476cbc952fa-polymaker-full-logo4059.png]
[robotics.sdsmt.edu/sponsors.html]
[robotics.sdsmt.edu/resources.html]
[robotics.sdsmt.edu/images/c/b/2/d/9/cb2d92cca29904e130c608085d2125bfaf5d67df-book.png]
[robotics.sdsmt.edu/images/e/e/5/3/3/ee5332bc80b833cce68f5fcec95751b91c07ce28-git-logo.png]
[education.github.com/git-cheat-sheet-education.pdf]
[robotics.sdsmt.edu/images/2/4/d/7/f/24d7f98787a168a66433fd5c1cad50c79ab8f1e9-ros-logo.jpg]
[robotics.sdsmt.edu/images/3/d/8/5/0/3d850029da1502bb08ef1b0bc5f796618c4b1ed8-opencv-logo.png]
[robotics.sdsmt.edu/images/b/7/b/6/2/b7b62f125a8571730dcc4c08068132bbe191b069-fusion360-logo.png]
[robotics.sdsmt.edu/images/2/b/e/f/c/2befc94469ba2bf56af0a809d75112b090e9ca7c-solidworks-logo.jpg]
[robotics.sdsmt.edu/images/f/a/7/e/3/fa7e3c9ff26cc75789b98191037010ca4f56a4b8-eagle-logo.png]
[robotics.sdsmt.edu/images/c/e/f/4/5/cef45588a8284a8e86b1e37d28cbe07f3a9de02f-vscode-logo.png]
[robotics.sdsmt.edu/images/2/1/0/8/7/21087776e9d5a8762973bc940a2a54eec6c4aa64-mathcad-logo.jpg]
[robotics.sdsmt.edu/resources/software-and-guides.html]
[robotics.sdsmt.edu/resources/links.html]
[robotics.sdsmt.edu/images/9/e/0/9/6/9e09605c72dbb956a26ed23197f741a57c5bd0b1-superrobotimepicture.jpg]
[robotics.sdsmt.edu/resources/super-robo-time.html]
[www.robotshop.com/media/files/pdf2/126-rb-pol-368.74.delayed]
[downloads.basicmicro.com/docs/roboclaw_user_manual.pdf]
[downloads.basicmicro.com/code/arduino.zip]
[robotics.sdsmt.edu/images/2/a/7/4/2/2a74265747380646e12d3d04820e368ee4999053-bts7960schematic.jpg]
[robotics.sdsmt.edu/images/6/6/3/f/8/663f8a2b5561a374d621505fb324a85f662973cd-atmega328p.png]
[robotics.sdsmt.edu/images/9/d/5/c/c/9d5ccac31fad6163f5975311235652ba66d4ae5c-atmega328psmd.png]
[ww1.microchip.com/downloads/en/DeviceDoc/ATmega48A-PA-88A-PA-168A-PA-328-P-DS-DS40002061B.pdf]
[robotics.sdsmt.edu/images/0/6/8/3/1/068319d95f90ad823526b35acfcd9d4d7bf8b917-atmega2560smd.png]
[ww1.microchip.com/downloads/en/DeviceDoc/ATmega640-1280-1281-2560-2561-Datasheet-DS40002211A.pdf]
[robotics.sdsmt.edu/images/3/9/1/2/1/39121df85925120d39f06ddc960e4405861ea57c-attiny84.jpg]
[ww1.microchip.com/downloads/en/DeviceDoc/doc8006.pdf]
[robotics.sdsmt.edu/images/b/2/3/d/2/b23d25d8f8734cee0d61c793f2e84a7b1d79086b-attiny85.jpg]
[ww1.microchip.com/downloads/en/DeviceDoc/Atmel-2586-AVR-8-bit-Microcontroller-ATtiny25-ATtiny45-ATtiny85_Datasheet.pdf]
[robotics.sdsmt.edu/images/2/0/1/c/e/201ce8593c12cf3d25ac03cf2eb713e9c087c333-arduinouno.png]
[robotics.sdsmt.edu/images/3/f/2/d/9/3f2d9fe925311674206580c61244a163f8118e0d-arduinomega.png]
[robotics.sdsmt.edu/resources/robo-parts.html]
[robotics.sdsmt.edu/pong.html]
[robotics.sdsmt.edu/user/themes/robo-theme/css/news-item.css]
[robotics.sdsmt.edu/user/pages/04.news/winter-2025-newsletter/Screenshot 2025-03-10 134927.png]
[robotics.sdsmt.edu/user/pages/04.news/winter-2025-newsletter/Screenshot 2025-03-10 134941.png]
[robotics.sdsmt.edu/user/pages/04.news/winter-2025-newsletter/Screenshot 2025-03-10 134950.png]
[robotics.sdsmt.edu/user/pages/04.news/winter-2025-newsletter/Screenshot 2025-03-10 135001.png]
[robotics.sdsmt.edu/user/pages/04.news/winter-2025-newsletter/Screenshot 2025-03-10 135017.png]
[robotics.sdsmt.edu/user/pages/04.news/winter-2025-newsletter/Screenshot 2025-03-10 135035.png]
[robotics.sdsmt.edu/user/pages/04.news/winter-2025-newsletter/Screenshot 2025-03-10 135053.png]
[robotics.sdsmt.edu/user/pages/04.news/winter-2025-newsletter/Screenshot 2025-03-10 135107.png]
[robotics.sdsmt.edu/user/pages/04.news/winter-2025-newsletter/Screenshot 2025-03-10 135115.png]
[robotics.sdsmt.edu/user/pages/04.news/winter-2025-newsletter/Screenshot 2025-03-10 135126.png]
[robotics.sdsmt.edu/user/pages/04.news/winter-2025-newsletter/Screenshot 2025-03-10 135134.png]
[robotics.sdsmt.edu/user/pages/04.news/winter-2025-newsletter/Screenshot 2025-03-10 135143.png]
[robotics.sdsmt.edu/news/winter-2025-newsletter.html]
[robotics.sdsmt.edu/user/themes/robo-theme/css/mediaCarousel.css]
[robotics.sdsmt.edu/user/themes/robo-theme/css/mediaCarouselPretty.css]
[robotics.sdsmt.edu/user/themes/robo-theme/css/lightbox.css]
[robotics.sdsmt.edu/user/themes/robo-theme/js/mediaCarousel.js]
[robotics.sdsmt.edu/user/themes/robo-theme/js/lightbox.js]
[robotics.sdsmt.edu/images/6/d/b/d/2/6dbd24af56127634d36ff4c4429db1efe9191181-20230605180400.jpg]
[robotics.sdsmt.edu/images/b/0/c/e/d/b0cede02880dc753c23379068b4b80a8fc0d2a47-picture1.png]
[robotics.sdsmt.edu/images/6/2/b/a/3/62ba34b02ec9f2602a661b95b05d0e7bc7e47185-team-picture.jpg]
[robotics.sdsmt.edu/images/a/4/5/e/5/a45e5896214d2e32213480c8453711b199769781-img20230518190926.jpg]
[robotics.sdsmt.edu/images/e/e/5/f/1/ee5f1eeb4b1c4dd37fbe293bc7393a0c2f92b841-picture3.jpg]
[robotics.sdsmt.edu/images/e/e/9/9/6/ee9964f9ff4d0fd2efa02aa7085f32b88cdffa44-picture2.png]
[robotics.sdsmt.edu/images/c/7/1/f/2/c71f2f8d79299efa67a7c8ee434322b1587f408d-img20230308173417.jpg]
[robotics.sdsmt.edu/images/5/9/3/7/d/5937d8e14b6747275c8b69af0d50ba8b1af22535-picture1.png]
[robotics.sdsmt.edu/images/9/b/6/6/4/9b664bc4cf93157bc1164608cf3dafaf8b2cc882-picture2.png]
[robotics.sdsmt.edu/images/4/1/1/2/7/41127898e439313d77936b150549d051e8c21cc9-picture3.jpg]
[robotics.sdsmt.edu/news/2023-igvc-competition.html]
[robotics.sdsmt.edu/images/e/d/1/b/6/ed1b6e540337740bb543af8f9e559f0fcc747c54-picture4.png]
[robotics.sdsmt.edu/user/pages/04.news/2022-trebuchet/Trebuchet Team Photo 2022.jpg]
[robotics.sdsmt.edu/user/pages/04.news/2022-trebuchet/2022-pumpkins.png]
[robotics.sdsmt.edu/news/2022-trebuchet.html]
[robotics.sdsmt.edu/images/f/c/1/0/2/fc102da1ca22cfe252adf937d6326b18ff2d963e-racer.jpg]
[robotics.sdsmt.edu/images/5/e/d/4/0/5ed406638094ee1da0015bf518e25bb2fbd08ba4-20191116134001.jpg]
[robotics.sdsmt.edu/images/4/9/8/c/a/498ca6efb24c9381047436bf89ebc0c23a3435b6-20200120163050.jpg]
[robotics.sdsmt.edu/images/8/b/4/0/9/8b409ff59c2c332e7e34204b7d8f2642bfb47d99-bb.png]
[robotics.sdsmt.edu/images/0/6/b/7/8/06b78f7cbc74b0d0f88cb52b14fed7c389a152bd-nrcbanner.png]
[robotics.sdsmt.edu/images/6/5/7/9/5/65795279ed96e9bfced13e524ea0bfd7742debf7-avc-course.jpg]
[robotics.sdsmt.edu/news/2020-competition-cancellation-and-recap-of-year.html]
[robotics.sdsmt.edu/images/9/9/3/1/9/99319990e2704466131c2e8883e4b1ecc3b6b006-20191207144114.jpg]
[robotics.sdsmt.edu/images/d/a/5/1/4/da51477e5c212e3dc7cf7d487681864e6f0c3667-20191207144140.jpg]
[robotics.sdsmt.edu/images/4/7/7/c/c/477cca852e515b0330d7909b46bece104ef10a95-79407258101569037296033581113048836412014592o.jpg]
[robotics.sdsmt.edu/images/8/c/5/9/e/8c59ec73c2405af3b1a37e1f56780072fc780bd8-79468483101569037400333582619528286434230272o.jpg]
[robotics.sdsmt.edu/images/a/9/f/5/8/a9f58faca379ddcad40d8a33f4f0d3143ec4d5b9-7990444610156903759938358589492945799872512o.jpg]
[robotics.sdsmt.edu/images/2/1/9/2/e/2192e29f41b186759bec06756f1a5267c3dd952c-fieldconstruction1.jpg]
[robotics.sdsmt.edu/images/2/f/d/0/f/2fd0f0acca9048d04f9d145fb871408f2927879a-fieldconstruction2.jpg]
[robotics.sdsmt.edu/news/2019-fll-tournament-volunteering.html]
[robotics.sdsmt.edu/images/0/a/0/0/c/0a00cb9c4aa842ca5b35f6329633853d25b593df-20190907001110.jpg]
[robotics.sdsmt.edu/images/a/5/8/f/9/a58f900a8fdb0d8981fb33b75d1887ec5d473364-20190907124914.jpg]
[robotics.sdsmt.edu/images/e/1/2/0/5/e1205a04a3788b2607de6e9eabffa3e7507f355b-20190912105613-1.jpg]
[robotics.sdsmt.edu/images/1/4/b/3/1/14b31150161971b2145d1f8215440207f2f896bc-20191002185322.jpg]
[robotics.sdsmt.edu/images/d/6/e/8/8/d6e881673bec694aa4b8b11764e80971563b6f45-20191002185356.jpg]
[robotics.sdsmt.edu/images/c/2/8/c/1/c28c119553014c59ff2fc917c9760cafde695780-20191005144515.jpg]
[robotics.sdsmt.edu/images/9/d/d/b/d/9ddbd4e4c002fa874ab1213b461e0e686a972021-20191005155215.jpg]
[robotics.sdsmt.edu/images/e/8/8/c/1/e88c1e43c0f96741258b71eb7cc084b46cc5a0d3-20191005155302.jpg]
[robotics.sdsmt.edu/images/d/1/a/a/4/d1aa42f4a1e71f79084451b6cb5d0e669cb7f371-20191005155349.jpg]
[robotics.sdsmt.edu/images/a/3/c/5/5/a3c557e6a62a051917454cd46d0072b3e04545ba-first-place-winner.jpg]
[robotics.sdsmt.edu/news/super-robo-time-2019.html]
[robotics.sdsmt.edu/images/0/5/b/f/2/05bf28a59258c6fd4172e7758c1eb23c0242670b-5d8fa8604d744image.jpg]
[robotics.sdsmt.edu/images/a/8/e/4/a/a8e4a57b8e74eecd79d57d55c5591c8314f8acd4-20190921162712.jpg]
[robotics.sdsmt.edu/images/2/5/f/7/1/25f71b45d25b2380e6394e7d61dcc8b04aed5053-20190928105152.jpg]
[robotics.sdsmt.edu/images/2/a/8/3/b/2a83bd9010f8119b9039dce15863ed8337c93e2a-testingarea.jpg]
[robotics.sdsmt.edu/news/2019-pumpkin-chunkin-competition.html]
[robotics.sdsmt.edu/images/9/b/e/1/9/9be197302595adfbcc5ddfaea8d258e8aa5ef4ee-201904061213050.jpg]
[robotics.sdsmt.edu/images/6/a/4/2/6/6a426e30395e417d3bc4f49d29a0a25e23656c72-img5620.jpg]
[robotics.sdsmt.edu/images/2/a/e/3/c/2ae3c2a78bf358f9dfd7ba1c39cd81ecb9c6bd3f-img5621.jpg]
[robotics.sdsmt.edu/images/2/0/c/2/b/20c2bebcc01ab84e60b9d3f4d6c7fe1432c64635-img5625.jpg]
[robotics.sdsmt.edu/images/e/9/3/e/3/e93e33313ea545df1371d4100bb8e12f51279330-img5635.jpg]
[robotics.sdsmt.edu/images/f/a/f/c/c/fafcc8d03453a7bea70fd86f560d6444fc50690a-img5648.jpg]
[robotics.sdsmt.edu/images/e/2/5/d/7/e25d75ef26aecec2644284a2bf1767f1c6fd4aa7-img5649.jpg]
[robotics.sdsmt.edu/images/e/0/5/8/a/e058a5b7cab5ad4d34b7e6c7014be5b81a56c51b-field.png]
[robotics.sdsmt.edu/news/2019-asme-student-design-competition.html]
[robotics.sdsmt.edu/images/3/0/8/9/f/3089fe732547e0c0363f8feca447c0d4d46a8eff-between-rounds.jpg]
[robotics.sdsmt.edu/images/8/e/9/d/0/8e9d006c78d284c93e1a9556007a8ca418092770-downtown1.jpg]
[robotics.sdsmt.edu/images/c/6/6/8/b/c668b81acd324cc285303565ebcefe2d4e14a93f-downtown2.jpg]
[robotics.sdsmt.edu/images/1/6/2/c/1/162c1f8904e764503bfc168be752540cde620ffd-first-place.jpg]
[robotics.sdsmt.edu/images/4/1/c/e/4/41ce4c2c77beb3b31b03733f40bb158ff0349a79-trebuchet.jpg]
[robotics.sdsmt.edu/news/2018-pumpkin-chunkin-and-great-downtown-pumpkin-festival.html]
[robotics.sdsmt.edu/images/4/1/8/a/1/418a1383b084ac0190bec1c4bd70f57daeaeb5b8-shooterbotshooting.png]
[robotics.sdsmt.edu/images/0/1/8/c/6/018c60fa5056421a635868c95c078d837a5e08b7-beforeround.jpg]
[robotics.sdsmt.edu/images/5/2/3/c/b/523cb4bd949ab64235a27e00f4ecedc7917d33e7-minesbots.jpg]
[robotics.sdsmt.edu/images/3/8/2/a/9/382a96c036e9f4c11807c8dd46961c3bd4ba656e-minesteams.jpg]
[robotics.sdsmt.edu/images/3/3/9/7/0/33970bc70d21ccb3f4b6c82bb4bfec311028e6d7-ourbots.jpg]
[robotics.sdsmt.edu/images/d/9/0/a/4/d90a48fb9b2a8f71c7806cd7d4be059c34d42eeb-roboticsteam.jpg]
[robotics.sdsmt.edu/images/c/a/d/0/d/cad0d5a006c11cfb34bdb86b1e8072679335fa31-beach.jpg]
[robotics.sdsmt.edu/images/e/9/6/3/8/e963890a0aba748493b0f2b27dfb0e01c464ab16-testingshooterbot.jpg]
[robotics.sdsmt.edu/images/1/1/8/2/8/11828e5ffdc54a9f692d009c5e8b8b1e8e5105d5-field.png]
[robotics.sdsmt.edu/news/2018-asme-student-design-competition.html]
[robotics.sdsmt.edu/images/5/6/3/1/6/56316044492fff81a6859561ccb2dbf5550e4cc2-20160402184203.jpg]
[robotics.sdsmt.edu/images/2/e/7/1/e/2e71eb1b65b8748d95d1a64de812467f886b66af-20160131112125.jpg]
[robotics.sdsmt.edu/news/2016-ieee-robotics-competition.html]
[robotics.sdsmt.edu/user/themes/robo-theme/css/project-item.css]
[robotics.sdsmt.edu/images/9/e/7/0/3/9e7036bb055d48fa509f332d9ddb65355d01c8b0-20211106153213comp.jpg]
[robotics.sdsmt.edu/images/4/e/c/b/d/4ecbd1bd3837866cffd44923cfbeb8bba11e4603-20220205142756comp.jpg]
[robotics.sdsmt.edu/images/d/9/c/4/6/d9c46e2b8a0a2e0f1adc18ef250154ae560d4372-img5815comp.jpg]
[robotics.sdsmt.edu/images/0/d/7/7/1/0d771d8cf58d9de61c0a8a919b20f3dfc78c4bf1-img5817comp.jpg]
[robotics.sdsmt.edu/images/b/b/8/f/8/bb8f894d96051be7de27ad60ae8f6b734cb752b5-pxl20250125213245326comp.jpg]
[robotics.sdsmt.edu/projects/t-shirt-cannon.html]
[robotics.sdsmt.edu/images/1/0/a/5/6/10a56788797ac6cd71bb3eb2377c8a0dd84f7367-pxl20250123001706941comp.jpg]
[robotics.sdsmt.edu/images/e/3/2/5/7/e325726c7e048b1bbf9e095ad5493898f2ea571c-cad-shell.png]
[robotics.sdsmt.edu/projects/sumobot-2025.html]
[robotics.sdsmt.edu/images/2/b/0/5/2/2b0526db41522a6b2a896fc7d7e2743bf3ffc790-igvcfancy.jpg]
[robotics.sdsmt.edu/images/2/0/f/2/7/20f276d1c837558d28cbbf8ffe654c3de7506634-igvcchasy.jpg]
[robotics.sdsmt.edu/images/5/c/f/9/6/5cf96deda67a03a2d81883a3a8acc301d1a02e8f-igvcmeal.jpg]
[robotics.sdsmt.edu/images/c/c/d/d/c/ccddcae0dc542c526e1f2cef847a90911b7bd156-igvcsetupcompressed.jpg]
[robotics.sdsmt.edu/images/1/1/8/d/3/118d34cae3cc8e9cd7e083de2aabae5bfd3fb66f-igvcwheelcompressed.jpg]
[robotics.sdsmt.edu/images/c/a/e/f/0/caef0576a34167d3aec83814996a3089d7a6ac19-igvcworkingcompressed.jpg]
[robotics.sdsmt.edu/images/e/3/2/2/c/e322c9f09a1ab3813d0d7b2ad7e2a4d5e50b9cc4-costmappath.png]
[robotics.sdsmt.edu/projects/igvc-year-2.html]
[robotics.sdsmt.edu/images/5/c/b/1/1/5cb11c5bc49b7d1e2223031118152f926b172284-picture4.png]
[robotics.sdsmt.edu/projects/igvc.html]
[robotics.sdsmt.edu/images/4/7/4/5/8/47458e98f508e173888ef1534107ded560094bda-picture1.png]
[robotics.sdsmt.edu/images/2/5/9/2/7/25927d6b7df8063b2b8db4cc3489687e633f1eb1-bb.png]
[robotics.sdsmt.edu/images/0/0/2/d/4/002d471454792e9324bf0f209c8964787c525fed-controllerprototype.jpg]
[robotics.sdsmt.edu/images/4/4/1/1/1/441117a0f1c0f9ccad5163215e1f68fefa0eac9f-electricalprototype.jpg]
[robotics.sdsmt.edu/images/9/d/1/2/1/9d1218eac5f795f8afa7adac7ed684c26f583399-mechanicalprototype.jpg]
[robotics.sdsmt.edu/images/b/6/0/0/d/b600d67b2f8f2f75071136beaa769845357f722f-main-electrical-diagram.png]
[robotics.sdsmt.edu/projects/spinnybot.html]
[robotics.sdsmt.edu/images/9/8/f/0/6/98f06ff8f9f788bcfca7275ab8a8ee2fcab7d953-20210408123730.jpg]
[robotics.sdsmt.edu/images/5/8/d/7/d/58d7d2d104d3f931516177a2a4be789b5305bd7c-20210419200253.jpg]
[robotics.sdsmt.edu/images/8/0/9/f/0/809f01f1bee4965ce23d916162a97e957e64e215-racer.jpg]
[robotics.sdsmt.edu/images/7/1/8/b/7/718b792dbd5cbb7a449c95a2944dc5150f3f128d-avc-car-electrical.png]
[robotics.sdsmt.edu/projects/avc.html]
[robotics.sdsmt.edu/images/1/b/2/2/c/1b22ce1f215781da82d31bb2cb6ae90be0f1fb16-20190327030045.jpg]
[robotics.sdsmt.edu/images/8/5/9/4/e/8594e354cdf1a704a6e4a2f4c36ef625f6f11dca-20190327030100.jpg]
[robotics.sdsmt.edu/images/5/7/c/b/4/57cb42ee17e9a61a80292fb7eb0c8ed005a6ccc1-20190329020652.jpg]
[robotics.sdsmt.edu/images/8/1/a/7/a/81a7a09f4a936404618a0180907ffd7f554ed974-20191009205125.jpg]
[robotics.sdsmt.edu/images/1/8/a/8/5/18a857bf1d97d8dd9c910d5367fadca54c48f8d9-controller-trans1.png]
[robotics.sdsmt.edu/images/b/1/2/7/1/b12711b6e5dc1e58598497c2a082686db70b84ed-controller-trans2.png]
[robotics.sdsmt.edu/images/a/c/7/1/d/ac71d77525aa5adc2f2b609382f348b5e31f63fc-img20190403153004.jpg]
[robotics.sdsmt.edu/projects/controller-v2.html]
[robotics.sdsmt.edu/images/e/7/d/0/f/e7d0fbf49fd4c8783fee3195053fc2407c183d57-20190320201851.jpg]
[robotics.sdsmt.edu/images/1/d/2/8/a/1d28aa30a26bf56d4051eeed301278af0724e18d-20190321203308.jpg]
[robotics.sdsmt.edu/images/c/1/1/f/e/c11fe2c4a77f112b76de3dccc72a5afacac1db6a-20190323210838.jpg]
[robotics.sdsmt.edu/images/0/4/8/a/6/048a6929fd1aaaf091b726a8f39b659e83341bc6-20190402021456.jpg]
[robotics.sdsmt.edu/images/d/f/c/b/2/dfcb24448a79f27a39cab5228bd58033f37bac88-20190415190135.jpg]
[robotics.sdsmt.edu/images/b/9/9/3/b/b993b0fad0f86c1bf7a02065f1de0b39ce8dd7d0-20190415190644.jpg]
[robotics.sdsmt.edu/images/6/c/6/e/b/6c6eb401c87a351ca5d5287ed1cbda17e97a9a30-bam.jpg]
[robotics.sdsmt.edu/images/4/0/e/d/8/40ed803aca19bb98ad23846bfe78676cad4d94d8-bam.png]
[robotics.sdsmt.edu/projects/b-a-m.html]
[robotics.sdsmt.edu/images/6/f/b/d/c/6fbdcb3165e99ac690922d4598424b11392533f7-swervebot-1.png]
[robotics.sdsmt.edu/images/9/9/9/f/e/999fe45ca0fe2c61f0e7256afb37a13fcc63b102-swervebot-2.png]
[robotics.sdsmt.edu/images/d/e/e/8/b/dee8b4652424cc0389c0cbf0d11f6964a680b58d-swervebot-3.png]
[robotics.sdsmt.edu/images/5/7/e/1/9/57e197a73ea629e1e8c1ba9c39b0cf83f327b46d-swervebot-4.png]
[robotics.sdsmt.edu/projects/swervebot.html]
[robotics.sdsmt.edu/images/7/c/6/e/0/7c6e07b60342fddee77dd34e51d5af5d3b2ddbe0-20200113174544.jpg]
[robotics.sdsmt.edu/images/9/c/c/0/3/9cc0323346442a9a4e828fb704d605935c897337-20200113174712.jpg]
[robotics.sdsmt.edu/images/8/1/f/e/3/81fe39281b1f63eb408d7d070482da2f26bbecb6-asme-2017-2018.jpg]
[robotics.sdsmt.edu/images/f/3/e/3/a/f3e3aca52d2b738bef71f28fffde0fb2148e99a5-three-bots.jpg]
[robotics.sdsmt.edu/projects/soccerbots.html]
[robotics.sdsmt.edu/images/8/1/5/9/c/8159c3cf36cff6f3ae1cce91fa62f6d9ba492043-20200113121458.jpg]
[robotics.sdsmt.edu/images/4/f/2/a/8/4f2a818e55c24d0c602fbd3d6aa863b49ce339c2-20200113121844.jpg]
[robotics.sdsmt.edu/images/6/2/b/6/0/62b60f2612427d0a3ed837acf9745baf284ceb51-20200113121931.jpg]
[robotics.sdsmt.edu/images/8/d/4/9/d/8d49d277cfdce434de4ece0f762d65a0d68ce8a6-20200113153619.jpg]
[robotics.sdsmt.edu/projects/controller.html]
[robotics.sdsmt.edu/images/b/b/5/9/5/bb5959736b4bb6926b2148ffde7c79d025b0c72d-20200113132143.jpg]
[robotics.sdsmt.edu/images/7/3/f/b/b/73fbbd7d08f29e9c93bc694aff68f855d21cc7b0-20200113132159.jpg]
[robotics.sdsmt.edu/images/4/9/9/d/1/499d137589f307df13d206c05492c4795e18249c-20200113132254.jpg]
[robotics.sdsmt.edu/images/7/e/d/0/e/7ed0e741d3f13ad2072a29fc62ba383bbc1b2c1f-20200113132339.jpg]
[robotics.sdsmt.edu/images/e/d/6/1/e/ed61eb0eb56e676011f9090fe6bf372e5c22ed06-20200113132442.jpg]
[robotics.sdsmt.edu/images/0/d/a/e/6/0dae69052cbc55215af0c1b9984d71322ef45a60-20200113132523.jpg]
[robotics.sdsmt.edu/projects/smp-and-mecanumbot.html]
[robotics.sdsmt.edu/user/pages/loading/loading-big.gif]
[robotics.sdsmt.edu/user/pages/loading/loading.gif]
[robotics.sdsmt.edu/loading.html]
[robotics.sdsmt.edu/images/1/8/4/e/6/184e67143254e49949316f214f91102540d32cd9-schrader.jpg]
[robotics.sdsmt.edu/schraderbug.html]
[robotics.sdsmt.edu/user/themes/robo-theme/css/gallery-item.css]
[robotics.sdsmt.edu/gallery/2025.html]
[robotics.sdsmt.edu/gallery/2024-igvc.html]
[robotics.sdsmt.edu/gallery/2023-igvc.html]
[robotics.sdsmt.edu/images/0/c/1/0/e/0c10e3bda56f7052d38c40e6b39eeeb18fdcbe3d-20220330104218comp.jpg]
[robotics.sdsmt.edu/images/d/2/3/0/4/d2304921e2f8149870162998571747b9d776b0db-20220407164735comp.jpg]
[robotics.sdsmt.edu/images/7/b/5/d/5/7b5d5aeb6c2af99576a872434a6f447e00d5cf46-20220409085050comp.jpg]
[robotics.sdsmt.edu/images/4/7/1/0/7/471072d2daeaf64093456fa0b7512cd20ff24cee-20220409122608comp.jpg]
[robotics.sdsmt.edu/images/d/b/8/9/2/db892f91c0cc23a95337df29346bdf78b1e850a2-20220409142836hdrcomp.jpg]
[robotics.sdsmt.edu/images/8/c/b/6/3/8cb63ea0f02c1e04fbe76d8fe6661d90470a2a86-img-2945.jpg]
[robotics.sdsmt.edu/images/1/d/a/4/1/1da41c5d9d0ba75b618d927b42a29bc64fc8507a-20220409121743comp.jpg]
[robotics.sdsmt.edu/gallery/2022-spinnybot.html]
[robotics.sdsmt.edu/images/b/6/d/3/a/b6d3a49a5a02282bb6d02660c4d4797473839b2f-20210919142602hdr.jpg]
[github.com/LostOracle/BigBookOfRobotics/blob/master/DesignDoc.html]
[robotics.sdsmt.edu/images/1/c/4/c/3/1c4c3592319cc1d6a6f3a6076326e636469a64fe-20210919142606hdr.jpg]
[robotics.sdsmt.edu/images/4/9/c/7/c/49c7c59d789add3aedb3e8cac1e765433507fb26-20210919143119hdr.jpg]
[robotics.sdsmt.edu/images/6/3/6/0/a/6360a0b98c57666d4780f6177a5e1d4065378edd-20210919143141.jpg]
[robotics.sdsmt.edu/gallery/2021-paint-the-town.html]
[robotics.sdsmt.edu/gallery/2020-avc-car.html]
[robotics.sdsmt.edu/images/e/c/a/1/8/eca18c0f2d90ea34ce740087201cc5521b2245c8-20201106160202.jpg]
[robotics.sdsmt.edu/images/5/5/3/7/6/55376351dcbaaa140335e76abad2251051031a8f-competition4.png]
[robotics.sdsmt.edu/images/2/6/f/9/3/26f938e534fa0744d88e7920240199c03dec87e3-competition6.png]
[robotics.sdsmt.edu/gallery/2020-pumpkin-chunkin.html]
[robotics.sdsmt.edu/images/d/c/2/9/b/dc29b63246c1fab8a0269ee4972a2f25f614db83-20200917014524.jpg]
[robotics.sdsmt.edu/images/e/a/a/d/e/eaade64665ba03ceaf6a5a182cc5221248ce5623-20200917225745.jpg]
[robotics.sdsmt.edu/images/6/7/a/7/1/67a71a06f287111344da7b933c200d47b8378552-20200928204055.jpg]
[robotics.sdsmt.edu/gallery/2020-srt.html]
[robotics.sdsmt.edu/gallery/t-shirt-cannon.html]
[robotics.sdsmt.edu/gallery/2020-competition-cancellation-and-recap-of-year.html]
[robotics.sdsmt.edu/gallery/spinnybot.html]
[robotics.sdsmt.edu/images/f/f/e/6/a/ffe6ad31b110210111f30a511317f4ef26f663e3-20200307093302.jpg]
[robotics.sdsmt.edu/images/a/8/2/d/3/a82d3dcb2315dc369d32997b1c4e76bc7d20ed3a-20200307132032.jpg]
[robotics.sdsmt.edu/images/9/5/a/b/3/95ab3d3d4ba69f9dc338a8f8a0f10a993c90b5c1-20200307140007.jpg]
[robotics.sdsmt.edu/images/b/2/7/7/d/b277dbe8e907f6fca7968d4c3f0e746d7464bdc1-20200307143650.jpg]
[robotics.sdsmt.edu/images/9/8/9/e/b/989eb364410c7ae1f9f28d0c30d48c630f84f13d-20200307155656.jpg]
[robotics.sdsmt.edu/gallery/2020-boy-scouts-robotics-merit-badge.html]
[robotics.sdsmt.edu/images/0/6/d/1/d/06d1dd3bf1f21aacd0d524af6084182bae53c45a-20200220114816-1.jpg]
[robotics.sdsmt.edu/images/3/5/b/a/4/35ba45adc0c7f3be4e298a6601ccee15a7cf2496-20200220114836.jpg]
[robotics.sdsmt.edu/images/c/e/4/6/f/ce46f3796d2cb6600246f8459018127c4cd2a86f-87045773101581560984277042970023812793368576o.jpg]
[robotics.sdsmt.edu/images/2/b/0/f/2/2b0f20da8766d5f28f8f44cf03fb1a2df2f2ab3a-87309096101581560983927041448627563395022848o.jpg]
[robotics.sdsmt.edu/gallery/2020-engineering-and-science-day.html]
[robotics.sdsmt.edu/gallery/2019-fll-tournament-volunteering.html]
[robotics.sdsmt.edu/images/c/3/1/2/c/c312c9f40c124b103a1c677f4bb4d49e7431314f-87389432101581560982877047561738972028731392o.jpg]
[robotics.sdsmt.edu/images/9/d/e/4/1/9de41b760feca3022f4677dcfcf1caf4170d2a17-20191202184554.jpg]
[robotics.sdsmt.edu/images/8/0/c/8/b/80c8b4a1931f3dff50a25512e30988c25e3f0cfd-20191202184623.jpg]
[robotics.sdsmt.edu/gallery/2019-parade-of-trees.html]
[robotics.sdsmt.edu/images/7/5/b/d/6/75bd6fc5ab4c2d62b017c88339d496e3b9d585d6-20191102173755.jpg]
[robotics.sdsmt.edu/images/c/f/a/0/6/cfa067943c1b3a66aca20ef356a4d2c7f52c13e2-20191102173809.jpg]
[robotics.sdsmt.edu/gallery/halloween-party-2019.html]
[robotics.sdsmt.edu/images/0/7/a/2/a/07a2aba20853d4871f8d189fcc9d2c0480770943-20191102194910.jpg]
[robotics.sdsmt.edu/images/f/7/c/9/e/f7c9e9c691a2594a821c2f9c8352899219f0ecee-20191030140321.jpg]
[robotics.sdsmt.edu/images/c/1/7/b/9/c17b9dc3fbedb18c960f781739b383726a8e68d8-20191030140331.jpg]
[robotics.sdsmt.edu/images/6/9/e/a/0/69ea00a2d4132d6d8aa4c3089bbe72cefb8bdd80-20191030140345.jpg]
[robotics.sdsmt.edu/gallery/east-middle-school-event.html]
[robotics.sdsmt.edu/gallery/super-robo-time2019.html]
[robotics.sdsmt.edu/gallery/2019-pumpkin-chunkin-competition.html]
[robotics.sdsmt.edu/images/0/f/7/f/3/0f7f3a9f84929fc18bdda0f1694e4db887cc7da0-20190829125754.jpg]
[robotics.sdsmt.edu/images/f/4/4/8/6/f4486c1ba4f54b82654a637d9c83d4303f39acaa-20190829125815.jpg]
[robotics.sdsmt.edu/images/9/c/e/9/e/9ce9e718c1fd509a382abc4700cb25c5d852c839-20190829125827.jpg]
[robotics.sdsmt.edu/gallery/fall-2019-org-fair.html]
[robotics.sdsmt.edu/images/0/7/3/a/0/073a03adc242ff0b7fccb6b8a161ce3ef703a377-20190829181011.jpg]
[robotics.sdsmt.edu/images/a/1/7/d/4/a17d4d5a83aaca13c870865e4dc0b342f9c62281-20190829181005.jpg]
[robotics.sdsmt.edu/gallery/main-street-square-hardrocker-night.html]
[robotics.sdsmt.edu/gallery/b-a-m.html]
[robotics.sdsmt.edu/gallery/2019-asme-competition.html]
[robotics.sdsmt.edu/gallery/swervebot.html]
[robotics.sdsmt.edu/gallery/2018-pumpkin-chunkin.html]
[robotics.sdsmt.edu/gallery/controller-v2.html]
[robotics.sdsmt.edu/gallery/soccerbots.html]
[robotics.sdsmt.edu/gallery/2018-asme-competition.html]
[robotics.sdsmt.edu/gallery/controller.html]
[robotics.sdsmt.edu/gallery/2016-ieee.html]
[robotics.sdsmt.edu/gallery/smp-and-mecanumbot.html]
[robotics.sdsmt.edu/images/a/0/f/b/e/a0fbe77f6ac7b4ccee597f96461e72267fc431d8-20190710231827.png]
[robotics.sdsmt.edu/images/2/f/8/2/f/2f82f74969874b3d3625d92853431b991a97c354-20190711092340.png]
[robotics.sdsmt.edu/images/f/c/0/f/3/fc0f3f44f30d0293690c930fdba507c7139bf026-dc257607abebbc95a3b96de07c5850b5.png]
[robotics.sdsmt.edu/images/6/6/a/b/1/66ab1f8136f367fb663a62e0d6555820e25a217e-dt180819.jpg]
[robotics.sdsmt.edu/images/5/8/d/a/a/58daa5478b617f97da71ed511a2677668cb88760-dt190120.jpg]
[robotics.sdsmt.edu/images/7/8/c/1/0/78c1098402bc41a182acc91ba99dce78f79a9f5a-dt190303.jpg]
[robotics.sdsmt.edu/images/f/0/5/2/5/f052586762d4039f63009ff79f4cc81eed62ae2b-dt191201.jpg]
[robotics.sdsmt.edu/images/8/2/e/5/e/82e5e21911f64c163a5cd466c9eef873b8733a22-how-to-insert-usb-wrong-wrong-correct-32705799.png]
[robotics.sdsmt.edu/images/1/e/1/e/a/1e1eab4c8ee8b2e8e141c20beafe9adf71ef9b0f-nutflex-profileimage-17f6af036a75ca11-300x300.jpg]
[robotics.sdsmt.edu/images/1/2/8/b/b/128bb47dd6222aafb7846cacf97a01dc7bbc95e0-programming-alcohol-chart.jpg]
[robotics.sdsmt.edu/images/9/2/9/a/7/929a7b5f6c3de5e5cc8c33c7ab0a1aeb7613541d-sandwich.png]
[robotics.sdsmt.edu/images/8/7/c/0/9/87c095e05b6083fec4408f3bff59d870cef8f146-snapchat-1108172028.jpg]
[robotics.sdsmt.edu/images/2/e/b/1/8/2eb187daae8de6f4ff56850d029c1044f09603dc-snapchat-1710213915.jpg]
[robotics.sdsmt.edu/images/3/2/3/f/b/323fba2e1803c4648910d20828c61e3c59299920-snapchat-1873757254.jpg]
[robotics.sdsmt.edu/images/e/8/d/2/e/e8d2e5f8a9103cf45a36248b5596eedb4d8f03b0-snapchat-1910262953.jpg]
[robotics.sdsmt.edu/images/9/b/5/0/e/9b50eb7a0cca55fa974d3317de215a8c15b70d5f-snapchat-2123343952.jpg]
[robotics.sdsmt.edu/images/1/d/0/b/a/1d0ba94d0c1af6cc90fe78f2720a17e6d808aee4-snapchat-476155296.jpg]
[robotics.sdsmt.edu/images/2/7/8/6/2/27862130bf0b383c40575943a866a8676fc6f921-snapchat-819118777.jpg]
[robotics.sdsmt.edu/user/pages/memes/tumblr_mar16sUERW1qmt85zo1_500.gif]
[robotics.sdsmt.edu/memes.html]
[robotics.sdsmt.edu/sponsors/support-us.html]
[robotics.sdsmt.edu/sponsors/support-us-2.html]
[robotics.sdsmt.edu/news/2021-nrc-competition.html]
[robotics.sdsmt.edu/user/pages/logo/Robo Logo Trans Light New.png]
[robotics.sdsmt.edu/user/pages/01.home/igvc_wheel_compressed.jpg]
[unpkg.com/purecss@1.0.0/build/pure-min.css]
[robotics.sdsmt.edu/images/0/5/4/e/8/054e816e728d94d82ce34267198f17cd72b7082d-instagramlogo.png]
[robotics.sdsmt.edu/images/2/0/7/c/d/207cd27182e09a63eaaf7f0cc17f60031f02e12b-yt-icon.png]
[robotics.sdsmt.edu/images/3/1/f/f/1/31ff1e52b36efdcd96e57c357336060418db737c-facebooklogo.png]
[robotics.sdsmt.edu/user/themes/robo-theme/css/custom.css]
[robotics.sdsmt.edu/images/8/9/5/b/0/895b09be3c202bc553e9727b0c88fa48694f8faa-presicon.png]
[robotics.sdsmt.edu/images/8/3/5/0/9/83509a9a52455b448295676e11e2a86689d8ad4c-20231028133228-min.jpg]
[robotics.sdsmt.edu/images/9/e/0/9/6/9e09605c72dbb956a26ed23197f741a57c5bd0b1-superrobotimepicture.jpg]
[downloads.basicmicro.com/docs/roboclaw_user_manual.pdf]
[maxcdn.bootstrapcdn.com/font-awesome/4.7.0/css/font-awesome.min.css]
[downloads.basicmicro.com/code/arduino.zip]
[robotics.sdsmt.edu/images/2/a/7/4/2/2a74265747380646e12d3d04820e368ee4999053-bts7960schematic.jpg]
[maxcdn.bootstrapcdn.com/font-awesome/4.7.0/fonts/fontawesome-webfont3e6e.svg]
[robotics.sdsmt.edu/images/6/6/3/f/8/663f8a2b5561a374d621505fb324a85f662973cd-atmega328p.png]
[robotics.sdsmt.edu/images/9/d/5/c/c/9d5ccac31fad6163f5975311235652ba66d4ae5c-atmega328psmd.png]
[robotics.sdsmt.edu/images/0/6/8/3/1/068319d95f90ad823526b35acfcd9d4d7bf8b917-atmega2560smd.png]
[ww1.microchip.com/downloads/en/DeviceDoc/ATmega640-1280-1281-2560-2561-Datasheet-DS40002211A.pdf]
[robotics.sdsmt.edu/images/3/9/1/2/1/39121df85925120d39f06ddc960e4405861ea57c-attiny84.jpg]
[ww1.microchip.com/downloads/en/DeviceDoc/doc8006.pdf]
[robotics.sdsmt.edu/images/b/2/3/d/2/b23d25d8f8734cee0d61c793f2e84a7b1d79086b-attiny85.jpg]
[ww1.microchip.com/downloads/en/DeviceDoc/Atmel-2586-AVR-8-bit-Microcontroller-ATtiny25-ATtiny45-ATtiny85_Datasheet.pdf]
[robotics.sdsmt.edu/images/2/0/1/c/e/201ce8593c12cf3d25ac03cf2eb713e9c087c333-arduinouno.png]
[robotics.sdsmt.edu/images/3/f/2/d/9/3f2d9fe925311674206580c61244a163f8118e0d-arduinomega.png]
[robotics.sdsmt.edu/user/themes/robo-theme/css/cardCarousel.css]
[robotics.sdsmt.edu/user/pages/04.news/winter-2025-newsletter/Screenshot 2025-03-10 134941.png]
[robotics.sdsmt.edu/user/pages/04.news/winter-2025-newsletter/Screenshot 2025-03-10 134927.png]
[robotics.sdsmt.edu/user/themes/robo-theme/css/slicknav.min.css]
[robotics.sdsmt.edu/user/pages/04.news/winter-2025-newsletter/Screenshot 2025-03-10 134950.png]
[robotics.sdsmt.edu/user/pages/04.news/winter-2025-newsletter/Screenshot 2025-03-10 135001.png]
[robotics.sdsmt.edu/user/themes/robo-theme/css/join-our-team.css]
[robotics.sdsmt.edu/user/pages/04.news/winter-2025-newsletter/Screenshot 2025-03-10 135017.png]
[robotics.sdsmt.edu/user/pages/04.news/winter-2025-newsletter/Screenshot 2025-03-10 135035.png]
[robotics.sdsmt.edu/user/themes/robo-theme/css/home.css]
[robotics.sdsmt.edu/user/pages/04.news/winter-2025-newsletter/Screenshot 2025-03-10 135053.png]
[robotics.sdsmt.edu/user/pages/04.news/winter-2025-newsletter/Screenshot 2025-03-10 135107.png]
[robotics.sdsmt.edu/user/themes/robo-theme/css/navbar.css]
[robotics.sdsmt.edu/user/pages/04.news/winter-2025-newsletter/Screenshot 2025-03-10 135126.png]
[robotics.sdsmt.edu/user/pages/04.news/winter-2025-newsletter/Screenshot 2025-03-10 135115.png]
[robotics.sdsmt.edu/user/plugins/admin-power-tools/assets/scroll_fix.css]
[robotics.sdsmt.edu/user/pages/04.news/winter-2025-newsletter/Screenshot 2025-03-10 135134.png]
[robotics.sdsmt.edu/user/pages/04.news/winter-2025-newsletter/Screenshot 2025-03-10 135143.png]
[robotics.sdsmt.edu/user/plugins/markdown-notices/assets/notices.css]
[robotics.sdsmt.edu/images/6/d/b/d/2/6dbd24af56127634d36ff4c4429db1efe9191181-20230605180400.jpg]
[robotics.sdsmt.edu/images/b/0/c/e/d/b0cede02880dc753c23379068b4b80a8fc0d2a47-picture1.png]
[robotics.sdsmt.edu/user/plugins/form/assets/form-styles.css]
[robotics.sdsmt.edu/images/6/2/b/a/3/62ba34b02ec9f2602a661b95b05d0e7bc7e47185-team-picture.jpg]
[robotics.sdsmt.edu/images/a/4/5/e/5/a45e5896214d2e32213480c8453711b199769781-img20230518190926.jpg]
[robotics.sdsmt.edu/user/plugins/login/css/login.css]
[robotics.sdsmt.edu/images/e/e/9/9/6/ee9964f9ff4d0fd2efa02aa7085f32b88cdffa44-picture2.png]
[robotics.sdsmt.edu/images/e/e/5/f/1/ee5f1eeb4b1c4dd37fbe293bc7393a0c2f92b841-picture3.jpg]
[robotics.sdsmt.edu/system/assets/jquery/jquery-2.x.min.js]
[robotics.sdsmt.edu/images/c/7/1/f/2/c71f2f8d79299efa67a7c8ee434322b1587f408d-img20230308173417.jpg]
[robotics.sdsmt.edu/images/5/9/3/7/d/5937d8e14b6747275c8b69af0d50ba8b1af22535-picture1.png]
[robotics.sdsmt.edu/user/themes/robo-theme/js/cardCarousel.js]
[robotics.sdsmt.edu/images/4/1/1/2/7/41127898e439313d77936b150549d051e8c21cc9-picture3.jpg]
[robotics.sdsmt.edu/images/9/b/6/6/4/9b664bc4cf93157bc1164608cf3dafaf8b2cc882-picture2.png]
[robotics.sdsmt.edu/user/themes/robo-theme/js/slicknav.min.js]
[robotics.sdsmt.edu/images/e/d/1/b/6/ed1b6e540337740bb543af8f9e559f0fcc747c54-picture4.png]
[robotics.sdsmt.edu/user/pages/04.news/2022-trebuchet/Trebuchet Team Photo 2022.jpg]
[robotics.sdsmt.edu/user/pages/04.news/2022-trebuchet/2022-pumpkins.png]
[robotics.sdsmt.edu/images/f/c/1/0/2/fc102da1ca22cfe252adf937d6326b18ff2d963e-racer.jpg]
[robotics.sdsmt.edu/user/themes/robo-theme/js/upcomingEvents.js]
[robotics.sdsmt.edu/images/5/e/d/4/0/5ed406638094ee1da0015bf518e25bb2fbd08ba4-20191116134001.jpg]
[robotics.sdsmt.edu/about.html]
[robotics.sdsmt.edu/images/4/9/8/c/a/498ca6efb24c9381047436bf89ebc0c23a3435b6-20200120163050.jpg]
[robotics.sdsmt.edu/news/winter-2025-newsletter.html]
[robotics.sdsmt.edu/images/0/6/b/7/8/06b78f7cbc74b0d0f88cb52b14fed7c389a152bd-nrcbanner.png]
[robotics.sdsmt.edu/images/8/b/4/0/9/8b409ff59c2c332e7e34204b7d8f2642bfb47d99-bb.png]
[robotics.sdsmt.edu/images/6/5/7/9/5/65795279ed96e9bfced13e524ea0bfd7742debf7-avc-course.jpg]
[robotics.sdsmt.edu/user/themes/robo-theme/css/default.css]
[robotics.sdsmt.edu/images/9/9/3/1/9/99319990e2704466131c2e8883e4b1ecc3b6b006-20191207144114.jpg]
[robotics.sdsmt.edu/user/themes/robo-theme/css/projects-list.css]
[robotics.sdsmt.edu/images/d/a/5/1/4/da51477e5c212e3dc7cf7d487681864e6f0c3667-20191207144140.jpg]
[robotics.sdsmt.edu/images/4/7/7/c/c/477cca852e515b0330d7909b46bece104ef10a95-79407258101569037296033581113048836412014592o.jpg]
[robotics.sdsmt.edu/user/themes/robo-theme/css/news-list.css]
[robotics.sdsmt.edu/images/8/c/5/9/e/8c59ec73c2405af3b1a37e1f56780072fc780bd8-79468483101569037400333582619528286434230272o.jpg]
[robotics.sdsmt.edu/images/a/9/f/5/8/a9f58faca379ddcad40d8a33f4f0d3143ec4d5b9-7990444610156903759938358589492945799872512o.jpg]
[robotics.sdsmt.edu/user/themes/robo-theme/css/gallery-list.css]
[robotics.sdsmt.edu/images/2/1/9/2/e/2192e29f41b186759bec06756f1a5267c3dd952c-fieldconstruction1.jpg]
[robotics.sdsmt.edu/images/2/f/d/0/f/2fd0f0acca9048d04f9d145fb871408f2927879a-fieldconstruction2.jpg]
[robotics.sdsmt.edu/user/themes/robo-theme/css/calendar.css]
[robotics.sdsmt.edu/images/0/a/0/0/c/0a00cb9c4aa842ca5b35f6329633853d25b593df-20190907001110.jpg]
[robotics.sdsmt.edu/images/a/5/8/f/9/a58f900a8fdb0d8981fb33b75d1887ec5d473364-20190907124914.jpg]
[robotics.sdsmt.edu/user/pages/07.sponsors/3DS_corporate-logo_solidworks4059.svg]
[robotics.sdsmt.edu/images/e/1/2/0/5/e1205a04a3788b2607de6e9eabffa3e7507f355b-20190912105613-1.jpg]
[robotics.sdsmt.edu/images/1/4/b/3/1/14b31150161971b2145d1f8215440207f2f896bc-20191002185322.jpg]
[robotics.sdsmt.edu/images/d/6/e/8/8/d6e881673bec694aa4b8b11764e80971563b6f45-20191002185356.jpg]
[robotics.sdsmt.edu/images/c/2/8/c/1/c28c119553014c59ff2fc917c9760cafde695780-20191005144515.jpg]
[robotics.sdsmt.edu/images/e/8/8/c/1/e88c1e43c0f96741258b71eb7cc084b46cc5a0d3-20191005155302.jpg]
[robotics.sdsmt.edu/images/9/d/d/b/d/9ddbd4e4c002fa874ab1213b461e0e686a972021-20191005155215.jpg]
[education.github.com/git-cheat-sheet-education.pdf]
[robotics.sdsmt.edu/images/d/1/a/a/4/d1aa42f4a1e71f79084451b6cb5d0e669cb7f371-20191005155349.jpg]
[robotics.sdsmt.edu/images/0/5/b/f/2/05bf28a59258c6fd4172e7758c1eb23c0242670b-5d8fa8604d744image.jpg]
[robotics.sdsmt.edu/images/a/3/c/5/5/a3c557e6a62a051917454cd46d0072b3e04545ba-first-place-winner.jpg]
[robotics.sdsmt.edu/images/a/8/e/4/a/a8e4a57b8e74eecd79d57d55c5591c8314f8acd4-20190921162712.jpg]
[robotics.sdsmt.edu/images/2/5/f/7/1/25f71b45d25b2380e6394e7d61dcc8b04aed5053-20190928105152.jpg]
[robotics.sdsmt.edu/images/2/a/8/3/b/2a83bd9010f8119b9039dce15863ed8337c93e2a-testingarea.jpg]
[robotics.sdsmt.edu/images/2/a/e/3/c/2ae3c2a78bf358f9dfd7ba1c39cd81ecb9c6bd3f-img5621.jpg]
[robotics.sdsmt.edu/images/9/b/e/1/9/9be197302595adfbcc5ddfaea8d258e8aa5ef4ee-201904061213050.jpg]
[robotics.sdsmt.edu/images/6/a/4/2/6/6a426e30395e417d3bc4f49d29a0a25e23656c72-img5620.jpg]
[robotics.sdsmt.edu/images/f/a/f/c/c/fafcc8d03453a7bea70fd86f560d6444fc50690a-img5648.jpg]
[robotics.sdsmt.edu/images/2/0/c/2/b/20c2bebcc01ab84e60b9d3f4d6c7fe1432c64635-img5625.jpg]
[robotics.sdsmt.edu/images/e/9/3/e/3/e93e33313ea545df1371d4100bb8e12f51279330-img5635.jpg]
[robotics.sdsmt.edu/images/3/0/8/9/f/3089fe732547e0c0363f8feca447c0d4d46a8eff-between-rounds.jpg]
[robotics.sdsmt.edu/images/e/2/5/d/7/e25d75ef26aecec2644284a2bf1767f1c6fd4aa7-img5649.jpg]
[robotics.sdsmt.edu/images/e/0/5/8/a/e058a5b7cab5ad4d34b7e6c7014be5b81a56c51b-field.png]
[robotics.sdsmt.edu/images/8/e/9/d/0/8e9d006c78d284c93e1a9556007a8ca418092770-downtown1.jpg]
[robotics.sdsmt.edu/images/c/6/6/8/b/c668b81acd324cc285303565ebcefe2d4e14a93f-downtown2.jpg]
[robotics.sdsmt.edu/images/1/6/2/c/1/162c1f8904e764503bfc168be752540cde620ffd-first-place.jpg]
[robotics.sdsmt.edu/images/4/1/c/e/4/41ce4c2c77beb3b31b03733f40bb158ff0349a79-trebuchet.jpg]
[robotics.sdsmt.edu/images/4/1/8/a/1/418a1383b084ac0190bec1c4bd70f57daeaeb5b8-shooterbotshooting.png]
[robotics.sdsmt.edu/images/0/1/8/c/6/018c60fa5056421a635868c95c078d837a5e08b7-beforeround.jpg]
[www.robotshop.com/media/files/pdf2/126-rb-pol-368.html]
[robotics.sdsmt.edu/images/5/2/3/c/b/523cb4bd949ab64235a27e00f4ecedc7917d33e7-minesbots.jpg]
[robotics.sdsmt.edu/images/3/3/9/7/0/33970bc70d21ccb3f4b6c82bb4bfec311028e6d7-ourbots.jpg]
[robotics.sdsmt.edu/images/3/8/2/a/9/382a96c036e9f4c11807c8dd46961c3bd4ba656e-minesteams.jpg]
[robotics.sdsmt.edu/images/d/9/0/a/4/d90a48fb9b2a8f71c7806cd7d4be059c34d42eeb-roboticsteam.jpg]
[robotics.sdsmt.edu/images/c/a/d/0/d/cad0d5a006c11cfb34bdb86b1e8072679335fa31-beach.jpg]
[robotics.sdsmt.edu/images/e/9/6/3/8/e963890a0aba748493b0f2b27dfb0e01c464ab16-testingshooterbot.jpg]
[robotics.sdsmt.edu/images/5/6/3/1/6/56316044492fff81a6859561ccb2dbf5550e4cc2-20160402184203.jpg]
[robotics.sdsmt.edu/images/1/1/8/2/8/11828e5ffdc54a9f692d009c5e8b8b1e8e5105d5-field.png]
[robotics.sdsmt.edu/images/2/e/7/1/e/2e71eb1b65b8748d95d1a64de812467f886b66af-20160131112125.jpg]
[robotics.sdsmt.edu/images/9/e/7/0/3/9e7036bb055d48fa509f332d9ddb65355d01c8b0-20211106153213comp.jpg]
[robotics.sdsmt.edu/images/4/e/c/b/d/4ecbd1bd3837866cffd44923cfbeb8bba11e4603-20220205142756comp.jpg]
[robotics.sdsmt.edu/images/d/9/c/4/6/d9c46e2b8a0a2e0f1adc18ef250154ae560d4372-img5815comp.jpg]
[robotics.sdsmt.edu/images/0/d/7/7/1/0d771d8cf58d9de61c0a8a919b20f3dfc78c4bf1-img5817comp.jpg]
[robotics.sdsmt.edu/images/b/b/8/f/8/bb8f894d96051be7de27ad60ae8f6b734cb752b5-pxl20250125213245326comp.jpg]
[robotics.sdsmt.edu/images/1/0/a/5/6/10a56788797ac6cd71bb3eb2377c8a0dd84f7367-pxl20250123001706941comp.jpg]
[robotics.sdsmt.edu/images/e/3/2/5/7/e325726c7e048b1bbf9e095ad5493898f2ea571c-cad-shell.png]
[robotics.sdsmt.edu/images/2/b/0/5/2/2b0526db41522a6b2a896fc7d7e2743bf3ffc790-igvcfancy.jpg]
[robotics.sdsmt.edu/images/2/0/f/2/7/20f276d1c837558d28cbbf8ffe654c3de7506634-igvcchasy.jpg]
[robotics.sdsmt.edu/images/5/c/f/9/6/5cf96deda67a03a2d81883a3a8acc301d1a02e8f-igvcmeal.jpg]
[robotics.sdsmt.edu/images/c/c/d/d/c/ccddcae0dc542c526e1f2cef847a90911b7bd156-igvcsetupcompressed.jpg]
[robotics.sdsmt.edu/images/1/1/8/d/3/118d34cae3cc8e9cd7e083de2aabae5bfd3fb66f-igvcwheelcompressed.jpg]
[robotics.sdsmt.edu/images/c/a/e/f/0/caef0576a34167d3aec83814996a3089d7a6ac19-igvcworkingcompressed.jpg]
[robotics.sdsmt.edu/images/e/3/2/2/c/e322c9f09a1ab3813d0d7b2ad7e2a4d5e50b9cc4-costmappath.png]
[robotics.sdsmt.edu/images/5/c/b/1/1/5cb11c5bc49b7d1e2223031118152f926b172284-picture4.png]
[robotics.sdsmt.edu/images/4/7/4/5/8/47458e98f508e173888ef1534107ded560094bda-picture1.png]
[robotics.sdsmt.edu/images/2/5/9/2/7/25927d6b7df8063b2b8db4cc3489687e633f1eb1-bb.png]
[robotics.sdsmt.edu/images/0/0/2/d/4/002d471454792e9324bf0f209c8964787c525fed-controllerprototype.jpg]
[robotics.sdsmt.edu/images/4/4/1/1/1/441117a0f1c0f9ccad5163215e1f68fefa0eac9f-electricalprototype.jpg]
[robotics.sdsmt.edu/images/9/d/1/2/1/9d1218eac5f795f8afa7adac7ed684c26f583399-mechanicalprototype.jpg]
[robotics.sdsmt.edu/images/b/6/0/0/d/b600d67b2f8f2f75071136beaa769845357f722f-main-electrical-diagram.png]
[robotics.sdsmt.edu/images/9/8/f/0/6/98f06ff8f9f788bcfca7275ab8a8ee2fcab7d953-20210408123730.jpg]
[robotics.sdsmt.edu/images/8/0/9/f/0/809f01f1bee4965ce23d916162a97e957e64e215-racer.jpg]
[robotics.sdsmt.edu/images/5/8/d/7/d/58d7d2d104d3f931516177a2a4be789b5305bd7c-20210419200253.jpg]
[robotics.sdsmt.edu/images/7/1/8/b/7/718b792dbd5cbb7a449c95a2944dc5150f3f128d-avc-car-electrical.png]
[robotics.sdsmt.edu/images/1/b/2/2/c/1b22ce1f215781da82d31bb2cb6ae90be0f1fb16-20190327030045.jpg]
[robotics.sdsmt.edu/images/8/5/9/4/e/8594e354cdf1a704a6e4a2f4c36ef625f6f11dca-20190327030100.jpg]
[robotics.sdsmt.edu/images/5/7/c/b/4/57cb42ee17e9a61a80292fb7eb0c8ed005a6ccc1-20190329020652.jpg]
[robotics.sdsmt.edu/images/8/1/a/7/a/81a7a09f4a936404618a0180907ffd7f554ed974-20191009205125.jpg]
[robotics.sdsmt.edu/images/1/8/a/8/5/18a857bf1d97d8dd9c910d5367fadca54c48f8d9-controller-trans1.png]
[robotics.sdsmt.edu/images/b/1/2/7/1/b12711b6e5dc1e58598497c2a082686db70b84ed-controller-trans2.png]
[robotics.sdsmt.edu/images/a/c/7/1/d/ac71d77525aa5adc2f2b609382f348b5e31f63fc-img20190403153004.jpg]
[robotics.sdsmt.edu/images/e/7/d/0/f/e7d0fbf49fd4c8783fee3195053fc2407c183d57-20190320201851.jpg]
[robotics.sdsmt.edu/images/1/d/2/8/a/1d28aa30a26bf56d4051eeed301278af0724e18d-20190321203308.jpg]
[robotics.sdsmt.edu/images/c/1/1/f/e/c11fe2c4a77f112b76de3dccc72a5afacac1db6a-20190323210838.jpg]
[robotics.sdsmt.edu/images/0/4/8/a/6/048a6929fd1aaaf091b726a8f39b659e83341bc6-20190402021456.jpg]
[robotics.sdsmt.edu/images/d/f/c/b/2/dfcb24448a79f27a39cab5228bd58033f37bac88-20190415190135.jpg]
[robotics.sdsmt.edu/images/b/9/9/3/b/b993b0fad0f86c1bf7a02065f1de0b39ce8dd7d0-20190415190644.jpg]
[robotics.sdsmt.edu/images/6/c/6/e/b/6c6eb401c87a351ca5d5287ed1cbda17e97a9a30-bam.jpg]
[robotics.sdsmt.edu/images/4/0/e/d/8/40ed803aca19bb98ad23846bfe78676cad4d94d8-bam.png]
[robotics.sdsmt.edu/images/6/f/b/d/c/6fbdcb3165e99ac690922d4598424b11392533f7-swervebot-1.png]
[robotics.sdsmt.edu/images/9/9/9/f/e/999fe45ca0fe2c61f0e7256afb37a13fcc63b102-swervebot-2.png]
[robotics.sdsmt.edu/images/d/e/e/8/b/dee8b4652424cc0389c0cbf0d11f6964a680b58d-swervebot-3.png]
[robotics.sdsmt.edu/images/5/7/e/1/9/57e197a73ea629e1e8c1ba9c39b0cf83f327b46d-swervebot-4.png]
[robotics.sdsmt.edu/images/7/c/6/e/0/7c6e07b60342fddee77dd34e51d5af5d3b2ddbe0-20200113174544.jpg]
[robotics.sdsmt.edu/images/9/c/c/0/3/9cc0323346442a9a4e828fb704d605935c897337-20200113174712.jpg]
[robotics.sdsmt.edu/images/8/1/f/e/3/81fe39281b1f63eb408d7d070482da2f26bbecb6-asme-2017-2018.jpg]
[robotics.sdsmt.edu/images/f/3/e/3/a/f3e3aca52d2b738bef71f28fffde0fb2148e99a5-three-bots.jpg]
[robotics.sdsmt.edu/images/8/1/5/9/c/8159c3cf36cff6f3ae1cce91fa62f6d9ba492043-20200113121458.jpg]
[robotics.sdsmt.edu/images/4/f/2/a/8/4f2a818e55c24d0c602fbd3d6aa863b49ce339c2-20200113121844.jpg]
[robotics.sdsmt.edu/images/6/2/b/6/0/62b60f2612427d0a3ed837acf9745baf284ceb51-20200113121931.jpg]
[robotics.sdsmt.edu/images/8/d/4/9/d/8d49d277cfdce434de4ece0f762d65a0d68ce8a6-20200113153619.jpg]
[robotics.sdsmt.edu/images/7/3/f/b/b/73fbbd7d08f29e9c93bc694aff68f855d21cc7b0-20200113132159.jpg]
[robotics.sdsmt.edu/images/b/b/5/9/5/bb5959736b4bb6926b2148ffde7c79d025b0c72d-20200113132143.jpg]
[robotics.sdsmt.edu/images/4/9/9/d/1/499d137589f307df13d206c05492c4795e18249c-20200113132254.jpg]
[robotics.sdsmt.edu/images/7/e/d/0/e/7ed0e741d3f13ad2072a29fc62ba383bbc1b2c1f-20200113132339.jpg]
[robotics.sdsmt.edu/images/e/d/6/1/e/ed61eb0eb56e676011f9090fe6bf372e5c22ed06-20200113132442.jpg]
[robotics.sdsmt.edu/images/0/d/a/e/6/0dae69052cbc55215af0c1b9984d71322ef45a60-20200113132523.jpg]
[robotics.sdsmt.edu/user/pages/loading/loading.gif]
[robotics.sdsmt.edu/user/pages/loading/loading-big.gif]
[robotics.sdsmt.edu/images/1/8/4/e/6/184e67143254e49949316f214f91102540d32cd9-schrader.jpg]
[robotics.sdsmt.edu/images/0/c/1/0/e/0c10e3bda56f7052d38c40e6b39eeeb18fdcbe3d-20220330104218comp.jpg]
[robotics.sdsmt.edu/images/d/2/3/0/4/d2304921e2f8149870162998571747b9d776b0db-20220407164735comp.jpg]
[robotics.sdsmt.edu/images/7/b/5/d/5/7b5d5aeb6c2af99576a872434a6f447e00d5cf46-20220409085050comp.jpg]
[robotics.sdsmt.edu/images/4/7/1/0/7/471072d2daeaf64093456fa0b7512cd20ff24cee-20220409122608comp.jpg]
[robotics.sdsmt.edu/images/d/b/8/9/2/db892f91c0cc23a95337df29346bdf78b1e850a2-20220409142836hdrcomp.jpg]
[robotics.sdsmt.edu/images/8/c/b/6/3/8cb63ea0f02c1e04fbe76d8fe6661d90470a2a86-img-2945.jpg]
[robotics.sdsmt.edu/images/1/d/a/4/1/1da41c5d9d0ba75b618d927b42a29bc64fc8507a-20220409121743comp.jpg]
[robotics.sdsmt.edu/images/b/6/d/3/a/b6d3a49a5a02282bb6d02660c4d4797473839b2f-20210919142602hdr.jpg]
[robotics.sdsmt.edu/images/1/c/4/c/3/1c4c3592319cc1d6a6f3a6076326e636469a64fe-20210919142606hdr.jpg]
[robotics.sdsmt.edu/images/4/9/c/7/c/49c7c59d789add3aedb3e8cac1e765433507fb26-20210919143119hdr.jpg]
[robotics.sdsmt.edu/images/6/3/6/0/a/6360a0b98c57666d4780f6177a5e1d4065378edd-20210919143141.jpg]
[robotics.sdsmt.edu/images/e/c/a/1/8/eca18c0f2d90ea34ce740087201cc5521b2245c8-20201106160202.jpg]
[robotics.sdsmt.edu/images/5/5/3/7/6/55376351dcbaaa140335e76abad2251051031a8f-competition4.png]
[robotics.sdsmt.edu/images/2/6/f/9/3/26f938e534fa0744d88e7920240199c03dec87e3-competition6.png]
[robotics.sdsmt.edu/images/d/c/2/9/b/dc29b63246c1fab8a0269ee4972a2f25f614db83-20200917014524.jpg]
[robotics.sdsmt.edu/images/6/7/a/7/1/67a71a06f287111344da7b933c200d47b8378552-20200928204055.jpg]
[robotics.sdsmt.edu/images/e/a/a/d/e/eaade64665ba03ceaf6a5a182cc5221248ce5623-20200917225745.jpg]
[robotics.sdsmt.edu/images/f/f/e/6/a/ffe6ad31b110210111f30a511317f4ef26f663e3-20200307093302.jpg]
[robotics.sdsmt.edu/images/a/8/2/d/3/a82d3dcb2315dc369d32997b1c4e76bc7d20ed3a-20200307132032.jpg]
[robotics.sdsmt.edu/images/9/5/a/b/3/95ab3d3d4ba69f9dc338a8f8a0f10a993c90b5c1-20200307140007.jpg]
[robotics.sdsmt.edu/images/b/2/7/7/d/b277dbe8e907f6fca7968d4c3f0e746d7464bdc1-20200307143650.jpg]
[robotics.sdsmt.edu/images/9/8/9/e/b/989eb364410c7ae1f9f28d0c30d48c630f84f13d-20200307155656.jpg]
[robotics.sdsmt.edu/images/0/6/d/1/d/06d1dd3bf1f21aacd0d524af6084182bae53c45a-20200220114816-1.jpg]
[robotics.sdsmt.edu/images/3/5/b/a/4/35ba45adc0c7f3be4e298a6601ccee15a7cf2496-20200220114836.jpg]
[robotics.sdsmt.edu/images/c/e/4/6/f/ce46f3796d2cb6600246f8459018127c4cd2a86f-87045773101581560984277042970023812793368576o.jpg]
[robotics.sdsmt.edu/images/2/b/0/f/2/2b0f20da8766d5f28f8f44cf03fb1a2df2f2ab3a-87309096101581560983927041448627563395022848o.jpg]
[robotics.sdsmt.edu/images/c/3/1/2/c/c312c9f40c124b103a1c677f4bb4d49e7431314f-87389432101581560982877047561738972028731392o.jpg]
[robotics.sdsmt.edu/images/8/0/c/8/b/80c8b4a1931f3dff50a25512e30988c25e3f0cfd-20191202184623.jpg]
[robotics.sdsmt.edu/images/9/d/e/4/1/9de41b760feca3022f4677dcfcf1caf4170d2a17-20191202184554.jpg]
[robotics.sdsmt.edu/images/7/5/b/d/6/75bd6fc5ab4c2d62b017c88339d496e3b9d585d6-20191102173755.jpg]
[robotics.sdsmt.edu/images/c/f/a/0/6/cfa067943c1b3a66aca20ef356a4d2c7f52c13e2-20191102173809.jpg]
[robotics.sdsmt.edu/images/0/7/a/2/a/07a2aba20853d4871f8d189fcc9d2c0480770943-20191102194910.jpg]
[robotics.sdsmt.edu/images/c/1/7/b/9/c17b9dc3fbedb18c960f781739b383726a8e68d8-20191030140331.jpg]
[robotics.sdsmt.edu/images/6/9/e/a/0/69ea00a2d4132d6d8aa4c3089bbe72cefb8bdd80-20191030140345.jpg]
[robotics.sdsmt.edu/images/f/7/c/9/e/f7c9e9c691a2594a821c2f9c8352899219f0ecee-20191030140321.jpg]
[robotics.sdsmt.edu/images/0/f/7/f/3/0f7f3a9f84929fc18bdda0f1694e4db887cc7da0-20190829125754.jpg]
[robotics.sdsmt.edu/images/f/4/4/8/6/f4486c1ba4f54b82654a637d9c83d4303f39acaa-20190829125815.jpg]
[robotics.sdsmt.edu/images/9/c/e/9/e/9ce9e718c1fd509a382abc4700cb25c5d852c839-20190829125827.jpg]
[robotics.sdsmt.edu/images/a/0/f/b/e/a0fbe77f6ac7b4ccee597f96461e72267fc431d8-20190710231827.png]
[robotics.sdsmt.edu/images/0/7/3/a/0/073a03adc242ff0b7fccb6b8a161ce3ef703a377-20190829181011.jpg]
[robotics.sdsmt.edu/images/a/1/7/d/4/a17d4d5a83aaca13c870865e4dc0b342f9c62281-20190829181005.jpg]
[robotics.sdsmt.edu/images/2/f/8/2/f/2f82f74969874b3d3625d92853431b991a97c354-20190711092340.png]
[robotics.sdsmt.edu/images/f/c/0/f/3/fc0f3f44f30d0293690c930fdba507c7139bf026-dc257607abebbc95a3b96de07c5850b5.png]
[robotics.sdsmt.edu/images/6/6/a/b/1/66ab1f8136f367fb663a62e0d6555820e25a217e-dt180819.jpg]
[robotics.sdsmt.edu/images/5/8/d/a/a/58daa5478b617f97da71ed511a2677668cb88760-dt190120.jpg]
[robotics.sdsmt.edu/images/7/8/c/1/0/78c1098402bc41a182acc91ba99dce78f79a9f5a-dt190303.jpg]
[robotics.sdsmt.edu/images/f/0/5/2/5/f052586762d4039f63009ff79f4cc81eed62ae2b-dt191201.jpg]
[robotics.sdsmt.edu/images/8/2/e/5/e/82e5e21911f64c163a5cd466c9eef873b8733a22-how-to-insert-usb-wrong-wrong-correct-32705799.png]
[robotics.sdsmt.edu/images/1/e/1/e/a/1e1eab4c8ee8b2e8e141c20beafe9adf71ef9b0f-nutflex-profileimage-17f6af036a75ca11-300x300.jpg]
[robotics.sdsmt.edu/images/1/2/8/b/b/128bb47dd6222aafb7846cacf97a01dc7bbc95e0-programming-alcohol-chart.jpg]
[robotics.sdsmt.edu/images/9/2/9/a/7/929a7b5f6c3de5e5cc8c33c7ab0a1aeb7613541d-sandwich.png]
[robotics.sdsmt.edu/images/2/e/b/1/8/2eb187daae8de6f4ff56850d029c1044f09603dc-snapchat-1710213915.jpg]
[robotics.sdsmt.edu/images/8/7/c/0/9/87c095e05b6083fec4408f3bff59d870cef8f146-snapchat-1108172028.jpg]
[robotics.sdsmt.edu/images/3/2/3/f/b/323fba2e1803c4648910d20828c61e3c59299920-snapchat-1873757254.jpg]
[robotics.sdsmt.edu/images/e/8/d/2/e/e8d2e5f8a9103cf45a36248b5596eedb4d8f03b0-snapchat-1910262953.jpg]
[robotics.sdsmt.edu/images/9/b/5/0/e/9b50eb7a0cca55fa974d3317de215a8c15b70d5f-snapchat-2123343952.jpg]
[robotics.sdsmt.edu/images/1/d/0/b/a/1d0ba94d0c1af6cc90fe78f2720a17e6d808aee4-snapchat-476155296.jpg]
[robotics.sdsmt.edu/images/2/7/8/6/2/27862130bf0b383c40575943a866a8676fc6f921-snapchat-819118777.jpg]
[robotics.sdsmt.edu/user/pages/memes/tumblr_mar16sUERW1qmt85zo1_500.gif]
[robotics.sdsmt.edu/user/themes/robo-theme/css/news-item.css]
[robotics.sdsmt.edu/user/themes/robo-theme/images/mediaCarousel/loading.gif]
[robotics.sdsmt.edu/user/themes/robo-theme/css/mediaCarousel.css]
[robotics.sdsmt.edu/user/themes/robo-theme/css/mediaCarouselPretty.css]
[robotics.sdsmt.edu/user/themes/robo-theme/images/lightbox/loading.gif]
[robotics.sdsmt.edu/user/themes/robo-theme/css/lightbox.css]
[robotics.sdsmt.edu/user/themes/robo-theme/js/mediaCarousel.js]
[robotics.sdsmt.edu/user/themes/robo-theme/js/lightbox.js]
[robotics.sdsmt.edu/user/themes/robo-theme/css/project-item.css]
[irp.cdn-website.com/9297868f/files/uploaded/NRCContestRules2025.pdf]
[robotics.sdsmt.edu/projects/igvc-year-2/Picture1.html]
[robotics.sdsmt.edu/news/2021-nrc-competition.html]
[github.githubassets.com/assets/light-0c8222dcd7a4f9b7.css]
[github.githubassets.com/index.html]
[github.githubassets.com/assets/light_high_contrast-51c0c6e0c085cc0f.css]
[github.githubassets.com/assets/dark-fc6eec18532c3ae0.css]
[github.githubassets.com/assets/dark_high_contrast-96d7b2bab5a6ae4e.css]
[github.githubassets.com/assets/primer-primitives-10bf9dd67e3d70bd.css]
[github.githubassets.com/assets/primer-0fcd9af82350aeda.css]
[github.githubassets.com/assets/global-a40b6ece39d70d4a.css]
[github.githubassets.com/assets/github-b02a278369fa132e.css]
[github.githubassets.com/assets/repository-6ec84ae2261fecf8.css]
[github.githubassets.com/assets/code-2d31826944fd3be8.css]
[github.githubassets.com/assets/react-core.364eade98ee7744f.module.css]
[github.githubassets.com/assets/primer-react-css.da05312be74eac16.module.css]
[github.githubassets.com/assets/96043.a4311aaf5caadfff.module.css]
[github.githubassets.com/assets/66205.b5045207bd90f6b9.module.css]
[github.githubassets.com/assets/43690.74be507a186241b9.module.css]
[github.githubassets.com/assets/code-view.c4eb72defe48d8c4.module.css]
[github.githubassets.com/assets/notifications-subscriptions-menu.710847f5b3216d30.module.css]
[github.com/opensearch.xml]
[github.com/fluidicon.png]
[github.githubassets.com/favicons/favicon.png]
[github.com/manifest.json]
[github.githubassets.com/assets/keyboard-shortcuts-dialog.76a47c12aca9fa78.module.css]
[github.githubassets.com/assets/appearance-settings.e36a2870affd85b8.module.css]
[github.githubassets.com/assets/marketing-navigation.ede5f47322c3d22c.module.css]
[github.com/LostOracle/BigBookOfRobotics/blob/master/DesignDoc.html]
[robotics.sdsmt.edu/user/themes/robo-theme/css/gallery-item.css]
[maxcdn.bootstrapcdn.com/font-awesome/4.7.0/fonts/fontawesome-webfont3e6e.svg]
[robotics.sdsmt.edu/user/themes/robo-theme/images/cardCarousel/loading.html]
[robotics.sdsmt.edu/user/themes/robo-theme/images/cardCarousel/play.html]
[robotics.sdsmt.edu/GET.html]
[sodipodi.sourceforge.net/DTD/sodipodi-0.17a.delayed]
[robotics.sdsmt.edu/user/themes/robo-theme/images/mediaCarousel/play.svg]
[github.githubassets.com/index.html]
[avatars.githubusercontent.com/index.html]
[github-cloud.s3.amazonaws.com/index.html]
[user-images.githubusercontent.com/index.html]
[github.githubassets.com/assets/light-0c8222dcd7a4f9b7.css]
[github.githubassets.com/assets/light_high_contrast-51c0c6e0c085cc0f.css]
[github.githubassets.com/assets/dark-fc6eec18532c3ae0.css]
[github.githubassets.com/assets/dark_high_contrast-96d7b2bab5a6ae4e.css]
[github.githubassets.com/assets/primer-primitives-10bf9dd67e3d70bd.css]
[github.githubassets.com/assets/primer-0fcd9af82350aeda.css]
[github.githubassets.com/assets/global-a40b6ece39d70d4a.css]
[github.githubassets.com/assets/github-b02a278369fa132e.css]
[github.githubassets.com/assets/repository-6ec84ae2261fecf8.css]
[github.githubassets.com/assets/code-2d31826944fd3be8.css]
[github.githubassets.com/assets/react-core.364eade98ee7744f.module.css]
[github.githubassets.com/assets/primer-react-css.da05312be74eac16.module.css]
[github.githubassets.com/assets/96043.a4311aaf5caadfff.module.css]
[github.githubassets.com/assets/66205.b5045207bd90f6b9.module.css]
[github.githubassets.com/assets/43690.74be507a186241b9.module.css]
[github.githubassets.com/assets/code-view.c4eb72defe48d8c4.module.css]
[github.githubassets.com/assets/notifications-subscriptions-menu.710847f5b3216d30.module.css]
[github.githubassets.com/assets/pinned-octocat-093da3e6fa40.svg]
[github.githubassets.com/favicons/favicon.svg]
[github.githubassets.com/assets/keyboard-shortcuts-dialog.76a47c12aca9fa78.module.css]
[github.githubassets.com/assets/appearance-settings.e36a2870affd85b8.module.css]
[github.githubassets.com/assets/marketing-navigation.ede5f47322c3d22c.module.css]
[robotics.sdsmt.edu/user/themes/robo-theme/images/play.svg]
[cdn.instructables.com/ORIG/FOL/YWLI/JEOILQ5U/FOLYWLIJEOILQ5Uca62.png]
[www.mouser.com/datasheet/2/588/AS5134_Datasheet_EN_v4-318114.pdf]
[cdn.instructables.com/ORIG/FYD/V3VU/HUL8W2ZW/FYDV3VUHUL8W2ZW.pdf]
[cdn.instructables.com/F3W/PCEK/JVH3KZLD/F3WPCEKJVH3KZLD.LARGE2d91.jpg]
[www.sparkfun.com/datasheets/Robotics/L298_H_Bridge.pdf]
[sodipodi.sourceforge.net/DTD/sodipodi-0.html]
